// Jest Snapshot v1, https://goo.gl/fbAQLP

exports[`timerInc render timerInc snapshot 1`] = `
<DocumentFragment>
  <div>
    1s
  </div>
</DocumentFragment>
`;
