// Jest Snapshot v1, https://goo.gl/fbAQLP

exports[`members render members Snapshot 1`] = `
<DocumentFragment>
  <div
    class="members-container"
    style="display: flex;"
  >
    <div
      style="width: 100%; padding: 20px;"
    >
      <div
        class="members-container-header"
      >
        <span
          class="ant-input-search dt-form-shadow-bg mb-12 ant-input-affix-wrapper"
          style="width: 264px;"
        >
          <input
            class="ant-input"
            placeholder="按账号/姓名搜索"
            type="text"
            value=""
          />
          <span
            class="ant-input-suffix"
          >
            <i
              aria-label="icon: search"
              class="anticon anticon-search ant-input-search-icon"
              tabindex="-1"
            >
              <svg
                aria-hidden="true"
                class=""
                data-icon="search"
                fill="currentColor"
                focusable="false"
                height="1em"
                viewBox="64 64 896 896"
                width="1em"
              >
                <path
                  d="M909.6 854.5L649.9 594.8C690.2 542.7 712 479 712 412c0-80.2-31.3-155.4-87.9-212.1-56.6-56.7-132-87.9-212.1-87.9s-155.5 31.3-212.1 87.9C143.2 256.5 112 331.8 112 412c0 80.1 31.3 155.5 87.9 212.1C256.5 680.8 331.8 712 412 712c67 0 130.6-21.8 182.7-62l259.7 259.6a8.2 8.2 0 0 0 11.6 0l43.6-43.5a8.2 8.2 0 0 0 0-11.6zM570.4 570.4C528 612.7 471.8 636 412 636s-116-23.3-158.4-65.6C211.3 528 188 471.8 188 412s23.3-116.1 65.6-158.4C296 211.3 352.2 188 412 188s116.1 23.2 158.4 65.6S636 352.2 636 412s-23.3 116.1-65.6 158.4z"
                />
              </svg>
            </i>
          </span>
        </span>
        <div
          class="header-r"
        >
          <button
            class="ant-btn ant-btn-primary"
            type="button"
          >
            <span>
              创建账号
            </span>
          </button>
        </div>
      </div>
      <div
        class="ant-table-wrapper dt-table-fixed-base"
      >
        <div
          class="ant-spin-nested-loading"
        >
          <div
            class="ant-spin-container"
          >
            <div
              class="ant-table ant-table-default ant-table-fixed-header ant-table-scroll-position-left ant-table-layout-fixed"
            >
              <div
                class="ant-table-content"
              >
                <div
                  class="ant-table-scroll"
                >
                  <div
                    class="ant-table-header"
                  >
                    <table
                      class=""
                    >
                      <colgroup>
                        <col
                          style="width: 15%; min-width: 15%;"
                        />
                        <col
                          style="width: 100px; min-width: 100px;"
                        />
                        <col
                          style="width: 15%; min-width: 15%;"
                        />
                        <col />
                        <col />
                        <col />
                        <col
                          style="width: 15%; min-width: 15%;"
                        />
                        <col
                          style="width: 18%; min-width: 18%;"
                        />
                      </colgroup>
                      <thead
                        class="ant-table-thead"
                      >
                        <tr>
                          <th
                            class="ant-table-row-cell-break-word"
                          >
                            <span
                              class="ant-table-header-column"
                            >
                              <div>
                                <span
                                  class="ant-table-column-title"
                                >
                                  账号
                                </span>
                                <span
                                  class="ant-table-column-sorter"
                                />
                              </div>
                            </span>
                          </th>
                          <th
                            class="ant-table-row-cell-break-word"
                          >
                            <span
                              class="ant-table-header-column"
                            >
                              <div>
                                <span
                                  class="ant-table-column-title"
                                >
                                  姓名
                                </span>
                                <span
                                  class="ant-table-column-sorter"
                                />
                              </div>
                            </span>
                          </th>
                          <th
                            class="ant-table-row-cell-break-word"
                          >
                            <span
                              class="ant-table-header-column"
                            >
                              <div>
                                <span
                                  class="ant-table-column-title"
                                >
                                  邮箱
                                </span>
                                <span
                                  class="ant-table-column-sorter"
                                />
                              </div>
                            </span>
                          </th>
                          <th
                            class=""
                          >
                            <span
                              class="ant-table-header-column"
                            >
                              <div>
                                <span
                                  class="ant-table-column-title"
                                >
                                  手机号
                                </span>
                                <span
                                  class="ant-table-column-sorter"
                                />
                              </div>
                            </span>
                          </th>
                          <th
                            class="ant-table-column-has-actions ant-table-column-has-filters"
                          >
                            <span
                              class="ant-table-header-column"
                            >
                              <div>
                                <span
                                  class="ant-table-column-title"
                                >
                                  账号状态
                                </span>
                                <span
                                  class="ant-table-column-sorter"
                                />
                              </div>
                            </span>
                            <i
                              aria-label="icon: filter"
                              class="anticon anticon-filter ant-dropdown-trigger"
                              tabindex="-1"
                              title="Filter menu"
                            >
                              <svg
                                aria-hidden="true"
                                class=""
                                data-icon="filter"
                                fill="currentColor"
                                focusable="false"
                                height="1em"
                                viewBox="64 64 896 896"
                                width="1em"
                              >
                                <path
                                  d="M349 838c0 17.7 14.2 32 31.8 32h262.4c17.6 0 31.8-14.3 31.8-32V642H349v196zm531.1-684H143.9c-24.5 0-39.8 26.7-27.5 48l221.3 376h348.8l221.3-376c12.1-21.3-3.2-48-27.7-48z"
                                />
                              </svg>
                            </i>
                          </th>
                          <th
                            class="ant-table-column-has-actions ant-table-column-has-filters"
                          >
                            <span
                              class="ant-table-header-column"
                            >
                              <div>
                                <span
                                  class="ant-table-column-title"
                                >
                                  角色
                                </span>
                                <span
                                  class="ant-table-column-sorter"
                                />
                              </div>
                            </span>
                            <i
                              aria-label="icon: filter"
                              class="anticon anticon-filter ant-dropdown-trigger"
                              tabindex="-1"
                              title="Filter menu"
                            >
                              <svg
                                aria-hidden="true"
                                class=""
                                data-icon="filter"
                                fill="currentColor"
                                focusable="false"
                                height="1em"
                                viewBox="64 64 896 896"
                                width="1em"
                              >
                                <path
                                  d="M349 838c0 17.7 14.2 32 31.8 32h262.4c17.6 0 31.8-14.3 31.8-32V642H349v196zm531.1-684H143.9c-24.5 0-39.8 26.7-27.5 48l221.3 376h348.8l221.3-376c12.1-21.3-3.2-48-27.7-48z"
                                />
                              </svg>
                            </i>
                          </th>
                          <th
                            class="ant-table-column-has-actions ant-table-column-has-sorters ant-table-row-cell-break-word"
                          >
                            <span
                              class="ant-table-header-column"
                            >
                              <div
                                class="ant-table-column-sorters"
                              >
                                <span
                                  class="ant-table-column-title"
                                >
                                  创建时间
                                </span>
                                <span
                                  class="ant-table-column-sorter"
                                >
                                  <div
                                    class="ant-table-column-sorter-inner ant-table-column-sorter-inner-full"
                                    title="Sort"
                                  >
                                    <i
                                      aria-label="icon: caret-up"
                                      class="anticon anticon-caret-up ant-table-column-sorter-up off"
                                    >
                                      <svg
                                        aria-hidden="true"
                                        class=""
                                        data-icon="caret-up"
                                        fill="currentColor"
                                        focusable="false"
                                        height="1em"
                                        viewBox="0 0 1024 1024"
                                        width="1em"
                                      >
                                        <path
                                          d="M858.9 689L530.5 308.2c-9.4-10.9-27.5-10.9-37 0L165.1 689c-12.2 14.2-1.2 35 18.5 35h656.8c19.7 0 30.7-20.8 18.5-35z"
                                        />
                                      </svg>
                                    </i>
                                    <i
                                      aria-label="icon: caret-down"
                                      class="anticon anticon-caret-down ant-table-column-sorter-down off"
                                    >
                                      <svg
                                        aria-hidden="true"
                                        class=""
                                        data-icon="caret-down"
                                        fill="currentColor"
                                        focusable="false"
                                        height="1em"
                                        viewBox="0 0 1024 1024"
                                        width="1em"
                                      >
                                        <path
                                          d="M840.4 300H183.6c-19.7 0-30.7 20.8-18.5 35l328.4 380.8c9.4 10.9 27.5 10.9 37 0L858.9 335c12.2-14.2 1.2-35-18.5-35z"
                                        />
                                      </svg>
                                    </i>
                                  </div>
                                </span>
                              </div>
                            </span>
                          </th>
                          <th
                            class="ant-table-row-cell-break-word ant-table-row-cell-last"
                          >
                            <span
                              class="ant-table-header-column"
                            >
                              <div>
                                <span
                                  class="ant-table-column-title"
                                >
                                  操作
                                </span>
                                <span
                                  class="ant-table-column-sorter"
                                />
                              </div>
                            </span>
                          </th>
                        </tr>
                      </thead>
                    </table>
                  </div>
                  <div
                    class="ant-table-body"
                    style="overflow-y: scroll;"
                    tabindex="-1"
                  >
                    <table
                      class=""
                    >
                      <colgroup>
                        <col
                          style="width: 15%; min-width: 15%;"
                        />
                        <col
                          style="width: 100px; min-width: 100px;"
                        />
                        <col
                          style="width: 15%; min-width: 15%;"
                        />
                        <col />
                        <col />
                        <col />
                        <col
                          style="width: 15%; min-width: 15%;"
                        />
                        <col
                          style="width: 18%; min-width: 18%;"
                        />
                      </colgroup>
                      <tbody
                        class="ant-table-tbody"
                      >
                        <tr
                          class="ant-table-row ant-table-row-level-0"
                          data-row-key="weixing@dtstack.com"
                        >
                          <td
                            class="ant-table-row-cell-break-word"
                          >
                            weixing@dtstack.com
                          </td>
                          <td
                            class="ant-table-row-cell-break-word"
                          >
                            <span
                              class="name"
                            >
                              weixing
                            </span>
                          </td>
                          <td
                            class="ant-table-row-cell-break-word"
                          >
                            weixing@dtstack.com
                          </td>
                          <td
                            class=""
                          >
                            --
                          </td>
                          <td
                            class="ant-table-column-has-actions ant-table-column-has-filters"
                          >
                            启用
                          </td>
                          <td
                            class="ant-table-column-has-actions ant-table-column-has-filters"
                          >
                            Cluster Reader
                          </td>
                          <td
                            class="ant-table-column-has-actions ant-table-column-has-sorters ant-table-row-cell-break-word"
                          >
                            2020-09-10 11:48:21
                          </td>
                          <td
                            class="ant-table-row-cell-break-word"
                          >
                            <span>
                              <span>
                                <span>
                                  <a>
                                    禁用
                                  </a>
                                  <div
                                    class="ant-divider ant-divider-vertical"
                                    role="separator"
                                  />
                                </span>
                                <span>
                                  <a>
                                    编辑
                                  </a>
                                  <div
                                    class="ant-divider ant-divider-vertical"
                                    role="separator"
                                  />
                                </span>
                                <span>
                                  <a>
                                    删除
                                  </a>
                                  <div
                                    class="ant-divider ant-divider-vertical"
                                    role="separator"
                                  />
                                </span>
                              </span>
                              <a>
                                重置密码
                              </a>
                            </span>
                          </td>
                        </tr>
                        <tr
                          class="ant-table-row ant-table-row-level-0"
                          data-row-key="yuwan"
                        >
                          <td
                            class="ant-table-row-cell-break-word"
                          >
                            yuwan
                          </td>
                          <td
                            class="ant-table-row-cell-break-word"
                          >
                            <span
                              class="name"
                            >
                              yuwan
                            </span>
                          </td>
                          <td
                            class="ant-table-row-cell-break-word"
                          >
                            yuwan@dtstack.com
                          </td>
                          <td
                            class=""
                          >
                            13512312121
                          </td>
                          <td
                            class="ant-table-column-has-actions ant-table-column-has-filters"
                          >
                            启用
                          </td>
                          <td
                            class="ant-table-column-has-actions ant-table-column-has-filters"
                          >
                            Cluster Operator
                          </td>
                          <td
                            class="ant-table-column-has-actions ant-table-column-has-sorters ant-table-row-cell-break-word"
                          >
                            2020-09-03 10:15:29
                          </td>
                          <td
                            class="ant-table-row-cell-break-word"
                          >
                            <span>
                              <span>
                                <span>
                                  <a>
                                    禁用
                                  </a>
                                  <div
                                    class="ant-divider ant-divider-vertical"
                                    role="separator"
                                  />
                                </span>
                                <span>
                                  <a>
                                    编辑
                                  </a>
                                  <div
                                    class="ant-divider ant-divider-vertical"
                                    role="separator"
                                  />
                                </span>
                                <span>
                                  <a>
                                    删除
                                  </a>
                                  <div
                                    class="ant-divider ant-divider-vertical"
                                    role="separator"
                                  />
                                </span>
                              </span>
                              <a>
                                重置密码
                              </a>
                            </span>
                          </td>
                        </tr>
                        <tr
                          class="ant-table-row ant-table-row-level-0"
                          data-row-key="admin@dtstack.com"
                        >
                          <td
                            class="ant-table-row-cell-break-word"
                          >
                            admin@dtstack.com
                          </td>
                          <td
                            class="ant-table-row-cell-break-word"
                          >
                            <span
                              class="name"
                            >
                              admin
                            </span>
                          </td>
                          <td
                            class="ant-table-row-cell-break-word"
                          >
                            admin@dtstack.com
                          </td>
                          <td
                            class=""
                          >
                            13345678901
                          </td>
                          <td
                            class="ant-table-column-has-actions ant-table-column-has-filters"
                          >
                            启用
                          </td>
                          <td
                            class="ant-table-column-has-actions ant-table-column-has-filters"
                          >
                            Administrator
                          </td>
                          <td
                            class="ant-table-column-has-actions ant-table-column-has-sorters ant-table-row-cell-break-word"
                          >
                            2020-06-03 11:06:56
                          </td>
                          <td
                            class="ant-table-row-cell-break-word"
                          >
                            <span>
                              <a>
                                重置密码
                              </a>
                            </span>
                          </td>
                        </tr>
                      </tbody>
                    </table>
                  </div>
                </div>
              </div>
            </div>
            <ul
              class="ant-pagination ant-table-pagination mini"
              unselectable="unselectable"
            >
              <li
                class="ant-pagination-total-text"
              >
                <span>
                  共
                  <span
                    style="color: rgb(63, 135, 255);"
                  >
                    9
                  </span>
                  条数据，每页显示10条
                </span>
              </li>
              <li
                aria-disabled="true"
                class="ant-pagination-disabled ant-pagination-prev"
                title="Previous Page"
              >
                <a
                  class="ant-pagination-item-link"
                >
                  <i
                    aria-label="icon: left"
                    class="anticon anticon-left"
                  >
                    <svg
                      aria-hidden="true"
                      class=""
                      data-icon="left"
                      fill="currentColor"
                      focusable="false"
                      height="1em"
                      viewBox="64 64 896 896"
                      width="1em"
                    >
                      <path
                        d="M724 218.3V141c0-6.7-7.7-10.4-12.9-6.3L260.3 486.8a31.86 31.86 0 0 0 0 50.3l450.8 352.1c5.3 4.1 12.9.4 12.9-6.3v-77.3c0-4.9-2.3-9.6-6.1-12.6l-360-281 360-281.1c3.8-3 6.1-7.7 6.1-12.6z"
                      />
                    </svg>
                  </i>
                </a>
              </li>
              <li
                class="ant-pagination-item ant-pagination-item-1 ant-pagination-item-active"
                tabindex="0"
                title="1"
              >
                <a>
                  1
                </a>
              </li>
              <li
                aria-disabled="true"
                class="ant-pagination-disabled ant-pagination-next"
                title="Next Page"
              >
                <a
                  class="ant-pagination-item-link"
                >
                  <i
                    aria-label="icon: right"
                    class="anticon anticon-right"
                  >
                    <svg
                      aria-hidden="true"
                      class=""
                      data-icon="right"
                      fill="currentColor"
                      focusable="false"
                      height="1em"
                      viewBox="64 64 896 896"
                      width="1em"
                    >
                      <path
                        d="M765.7 486.8L314.9 134.7A7.97 7.97 0 0 0 302 141v77.3c0 4.9 2.3 9.6 6.1 12.6l360 281.1-360 281.1c-3.9 3-6.1 7.7-6.1 12.6V883c0 6.7 7.7 10.4 12.9 6.3l450.8-352.1a31.96 31.96 0 0 0 0-50.4z"
                      />
                    </svg>
                  </i>
                </a>
              </li>
            </ul>
          </div>
        </div>
      </div>
    </div>
  </div>
</DocumentFragment>
`;
