// Jest Snapshot v1, https://goo.gl/fbAQLP

exports[`app deploy list const Snapshot 1`] = `
<DocumentFragment>
  <div
    class="content-container"
  >
    <div
      class="mb-12 clearfix"
    >
      <div
        style="margin-bottom: 10px; display: inline-block;"
      >
        <span
          class="mr-20"
        >
          集群：
          <div
            class="dt-form-shadow-bg ant-select ant-select-disabled"
            style="width: 180px;"
          >
            <div
              aria-autocomplete="list"
              aria-controls="test-uuid"
              aria-expanded="false"
              aria-haspopup="true"
              class="ant-select-selection
            ant-select-selection--single"
              role="combobox"
              tabindex="-1"
            >
              <div
                class="ant-select-selection__rendered"
              >
                <div
                  class="ant-select-selection__placeholder"
                  style="display: none; user-select: none;"
                  unselectable="on"
                >
                  选择集群
                </div>
                <div
                  class="ant-select-selection-selected-value"
                  style="display: block; opacity: 1;"
                  title="选择集群"
                >
                  选择集群
                </div>
              </div>
              <span
                class="ant-select-arrow"
                style="user-select: none;"
                unselectable="on"
              >
                <i
                  aria-label="icon: down"
                  class="anticon anticon-down ant-select-arrow-icon"
                >
                  <svg
                    aria-hidden="true"
                    class=""
                    data-icon="down"
                    fill="currentColor"
                    focusable="false"
                    height="1em"
                    viewBox="64 64 896 896"
                    width="1em"
                  >
                    <path
                      d="M884 256h-75c-5.1 0-9.9 2.5-12.9 6.6L512 654.2 227.9 262.6c-3-4.1-7.8-6.6-12.9-6.6h-75c-6.5 0-10.3 7.4-6.5 12.7l352.6 486.1c12.8 17.6 39 17.6 51.7 0l352.6-486.1c3.9-5.3.1-12.7-6.4-12.7z"
                    />
                  </svg>
                </i>
              </span>
            </div>
          </div>
        </span>
        <span
          class="mr-20"
        >
          产品：
          <div
            class="dt-form-shadow-bg ant-select ant-select-enabled"
            style="width: 180px; font-size: 12px;"
          >
            <div
              aria-autocomplete="list"
              aria-controls="test-uuid"
              aria-expanded="false"
              aria-haspopup="true"
              class="ant-select-selection
            ant-select-selection--single"
              role="combobox"
              tabindex="0"
            >
              <div
                class="ant-select-selection__rendered"
              >
                <div
                  class="ant-select-selection__placeholder"
                  style="display: none; user-select: none;"
                  unselectable="on"
                >
                  选择产品
                </div>
                <div
                  class="ant-select-selection-selected-value"
                  style="display: block; opacity: 1;"
                  title=""
                >
                  <i
                    aria-label="icon: appstore-o"
                    class="anticon anticon-appstore-o"
                    style="margin-right: 6px;"
                  >
                    <svg
                      aria-hidden="true"
                      class=""
                      data-icon="appstore"
                      fill="currentColor"
                      focusable="false"
                      height="1em"
                      viewBox="64 64 896 896"
                      width="1em"
                    >
                      <path
                        d="M464 144H160c-8.8 0-16 7.2-16 16v304c0 8.8 7.2 16 16 16h304c8.8 0 16-7.2 16-16V160c0-8.8-7.2-16-16-16zm-52 268H212V212h200v200zm452-268H560c-8.8 0-16 7.2-16 16v304c0 8.8 7.2 16 16 16h304c8.8 0 16-7.2 16-16V160c0-8.8-7.2-16-16-16zm-52 268H612V212h200v200zM464 544H160c-8.8 0-16 7.2-16 16v304c0 8.8 7.2 16 16 16h304c8.8 0 16-7.2 16-16V560c0-8.8-7.2-16-16-16zm-52 268H212V612h200v200zm452-268H560c-8.8 0-16 7.2-16 16v304c0 8.8 7.2 16 16 16h304c8.8 0 16-7.2 16-16V560c0-8.8-7.2-16-16-16zm-52 268H612V612h200v200z"
                      />
                    </svg>
                  </i>
                  DTEM
                </div>
              </div>
              <span
                class="ant-select-arrow"
                style="user-select: none;"
                unselectable="on"
              >
                <i
                  aria-label="icon: down"
                  class="anticon anticon-down ant-select-arrow-icon"
                >
                  <svg
                    aria-hidden="true"
                    class=""
                    data-icon="down"
                    fill="currentColor"
                    focusable="false"
                    height="1em"
                    viewBox="64 64 896 896"
                    width="1em"
                  >
                    <path
                      d="M884 256h-75c-5.1 0-9.9 2.5-12.9 6.6L512 654.2 227.9 262.6c-3-4.1-7.8-6.6-12.9-6.6h-75c-6.5 0-10.3 7.4-6.5 12.7l352.6 486.1c12.8 17.6 39 17.6 51.7 0l352.6-486.1c3.9-5.3.1-12.7-6.4-12.7z"
                    />
                  </svg>
                </i>
              </span>
            </div>
          </div>
        </span>
        <span
          class="mr-20"
        >
          组件名称：
          <div
            class="dt-form-shadow-bg ant-select ant-select-enabled"
            style="width: 180px;"
          >
            <div
              aria-autocomplete="list"
              aria-controls="test-uuid"
              aria-expanded="false"
              aria-haspopup="true"
              class="ant-select-selection
            ant-select-selection--multiple"
              role="combobox"
            >
              <div
                class="ant-select-selection__rendered"
              >
                <div
                  class="ant-select-selection__placeholder"
                  style="display: block; user-select: none;"
                  unselectable="on"
                >
                  选择组件
                </div>
                <ul>
                  <li
                    class="ant-select-search ant-select-search--inline"
                  >
                    <div
                      class="ant-select-search__field__wrap"
                    >
                      <input
                        autocomplete="off"
                        class="ant-select-search__field"
                        value=""
                      />
                      <span
                        class="ant-select-search__field__mirror"
                      >
                         
                      </span>
                    </div>
                  </li>
                </ul>
              </div>
            </div>
          </div>
        </span>
        <span
          class="mr-20"
        >
          <span
            class="ant-input-search dt-form-shadow-bg ant-input-affix-wrapper"
            style="width: 264px;"
          >
            <input
              class="ant-input"
              placeholder="按组件版本号搜索"
              type="text"
              value=""
            />
            <span
              class="ant-input-suffix"
            >
              <i
                aria-label="icon: search"
                class="anticon anticon-search ant-input-search-icon"
                tabindex="-1"
              >
                <svg
                  aria-hidden="true"
                  class=""
                  data-icon="search"
                  fill="currentColor"
                  focusable="false"
                  height="1em"
                  viewBox="64 64 896 896"
                  width="1em"
                >
                  <path
                    d="M909.6 854.5L649.9 594.8C690.2 542.7 712 479 712 412c0-80.2-31.3-155.4-87.9-212.1-56.6-56.7-132-87.9-212.1-87.9s-155.5 31.3-212.1 87.9C143.2 256.5 112 331.8 112 412c0 80.1 31.3 155.5 87.9 212.1C256.5 680.8 331.8 712 412 712c67 0 130.6-21.8 182.7-62l259.7 259.6a8.2 8.2 0 0 0 11.6 0l43.6-43.5a8.2 8.2 0 0 0 0-11.6zM570.4 570.4C528 612.7 471.8 636 412 636s-116-23.3-158.4-65.6C211.3 528 188 471.8 188 412s23.3-116.1 65.6-158.4C296 211.3 352.2 188 412 188s116.1 23.2 158.4 65.6S636 352.2 636 412s-23.3 116.1-65.6 158.4z"
                  />
                </svg>
              </i>
            </span>
          </span>
        </span>
      </div>
      <button
        class="ant-btn fl-r ant-btn-primary"
        style="margin-left: 20px;"
        type="button"
      >
        <span>
          上传补丁包
        </span>
      </button>
      <button
        class="ant-btn fl-r ant-btn-primary"
        type="button"
      >
        <i
          aria-label="icon: download"
          class="anticon anticon-download"
        >
          <svg
            aria-hidden="true"
            class=""
            data-icon="download"
            fill="currentColor"
            focusable="false"
            height="1em"
            viewBox="64 64 896 896"
            width="1em"
          >
            <path
              d="M505.7 661a8 8 0 0 0 12.6 0l112-141.7c4.1-5.2.4-12.9-6.3-12.9h-74.1V168c0-4.4-3.6-8-8-8h-60c-4.4 0-8 3.6-8 8v338.3H400c-6.7 0-10.4 7.7-6.3 12.9l112 141.8zM878 626h-60c-4.4 0-8 3.6-8 8v154H214V634c0-4.4-3.6-8-8-8h-60c-4.4 0-8 3.6-8 8v198c0 17.7 14.3 32 32 32h684c17.7 0 32-14.3 32-32V634c0-4.4-3.6-8-8-8z"
            />
          </svg>
        </i>
        <span>
          下载产品部署内容
        </span>
      </button>
    </div>
  </div>
</DocumentFragment>
`;
